MPLINK 4.50, Linker
Linker Map File - Created Thu Oct 10 11:50:21 2013

                                 Section Info
                  Section       Type    Address   Location Size(Bytes)
                ---------  ---------  ---------  ---------  ---------
                   .org_0       code   0x000000    program   0x000002
                   .org_1       code   0x000004    program   0x00019e
                   .org_2       code   0x000800    program   0x000200
                   .org_3       code   0x000900    program   0x00004c
                   .cinit    romdata   0x000926    program   0x000004
.config_8007_BUILD/DEFAULT/DEBUG/FM_1827.O       code   0x008007    program   0x000002
.config_8008_BUILD/DEFAULT/DEBUG/FM_1827.O       code   0x008008    program   0x000002



                              Program Memory Usage 
                               Start         End      
                           ---------   ---------      
                            0x000000    0x000000      
                            0x000004    0x0000d2      
                            0x000800    0x000927      
                            0x008007    0x008008      
            506 out of 4359 program addresses used, program memory utilization is 11%



                              Symbols - Sorted by Name
                     Name    Address   Location    Storage File                     
                ---------  ---------  ---------  --------- ---------                
                     ADD0   0x00005d    program     static /home/kazusa/MPLABXProjects/fm_asm.X/fm_1827.asm
                     ADD1   0x00006d    program     static /home/kazusa/MPLABXProjects/fm_asm.X/fm_1827.asm
                  APLYENV   0x00009d    program     static /home/kazusa/MPLABXProjects/fm_asm.X/fm_1827.asm
                  APLYMD0   0x0000a4    program     static /home/kazusa/MPLABXProjects/fm_asm.X/fm_1827.asm
                  APLYMD1   0x0000ac    program     static /home/kazusa/MPLABXProjects/fm_asm.X/fm_1827.asm
                  CASTWAV   0x0000c0    program     static /home/kazusa/MPLABXProjects/fm_asm.X/fm_1827.asm
                   CAST_H   0x0000c3    program     static /home/kazusa/MPLABXProjects/fm_asm.X/fm_1827.asm
                   CAST_L   0x0000c5    program     static /home/kazusa/MPLABXProjects/fm_asm.X/fm_1827.asm
                    CHKSW   0x000029    program     static /home/kazusa/MPLABXProjects/fm_asm.X/fm_1827.asm
                   CLRKEY   0x000036    program     static /home/kazusa/MPLABXProjects/fm_asm.X/fm_1827.asm
                  DECRESE   0x0000b3    program     static /home/kazusa/MPLABXProjects/fm_asm.X/fm_1827.asm
                       FM   0x00003f    program     static /home/kazusa/MPLABXProjects/fm_asm.X/fm_1827.asm
                  INIT_FM   0x000048    program     static /home/kazusa/MPLABXProjects/fm_asm.X/fm_1827.asm
                     INTV   0x000004    program     static /home/kazusa/MPLABXProjects/fm_asm.X/fm_1827.asm
                      IRQ   0x000005    program     static /home/kazusa/MPLABXProjects/fm_asm.X/fm_1827.asm
                  LOOPENV   0x0000a0    program     static /home/kazusa/MPLABXProjects/fm_asm.X/fm_1827.asm
                     MAIN   0x00001f    program     static /home/kazusa/MPLABXProjects/fm_asm.X/fm_1827.asm
                   MODLOG   0x0000b8    program     static /home/kazusa/MPLABXProjects/fm_asm.X/fm_1827.asm
                  OPX_WAV   0x000077    program     static /home/kazusa/MPLABXProjects/fm_asm.X/fm_1827.asm
                  OUT_R2R   0x0000cd    program     static /home/kazusa/MPLABXProjects/fm_asm.X/fm_1827.asm
                  P0_STEP   0x000057    program     static /home/kazusa/MPLABXProjects/fm_asm.X/fm_1827.asm
                  P1_STEP   0x000067    program     static /home/kazusa/MPLABXProjects/fm_asm.X/fm_1827.asm
                   RESETV   0x000000    program     static /home/kazusa/MPLABXProjects/fm_asm.X/fm_1827.asm
                  ROM2SIN   0x000086    program     static /home/kazusa/MPLABXProjects/fm_asm.X/fm_1827.asm
                   ROTCNT   0x0000bb    program     static /home/kazusa/MPLABXProjects/fm_asm.X/fm_1827.asm
                    START   0x000009    program     static /home/kazusa/MPLABXProjects/fm_asm.X/fm_1827.asm
                  STEPENV   0x00008f    program     static /home/kazusa/MPLABXProjects/fm_asm.X/fm_1827.asm
                     SUB0   0x000062    program     static /home/kazusa/MPLABXProjects/fm_asm.X/fm_1827.asm
                     SUB1   0x000072    program     static /home/kazusa/MPLABXProjects/fm_asm.X/fm_1827.asm
                    SYNCS   0x0000c8    program     static /home/kazusa/MPLABXProjects/fm_asm.X/fm_1827.asm
                  SYN_JOB   0x000038    program     static /home/kazusa/MPLABXProjects/fm_asm.X/fm_1827.asm



                              Symbols - Sorted by Address
                     Name    Address   Location    Storage File                     
                ---------  ---------  ---------  --------- ---------                
                   RESETV   0x000000    program     static /home/kazusa/MPLABXProjects/fm_asm.X/fm_1827.asm
                     INTV   0x000004    program     static /home/kazusa/MPLABXProjects/fm_asm.X/fm_1827.asm
                      IRQ   0x000005    program     static /home/kazusa/MPLABXProjects/fm_asm.X/fm_1827.asm
                    START   0x000009    program     static /home/kazusa/MPLABXProjects/fm_asm.X/fm_1827.asm
                     MAIN   0x00001f    program     static /home/kazusa/MPLABXProjects/fm_asm.X/fm_1827.asm
                    CHKSW   0x000029    program     static /home/kazusa/MPLABXProjects/fm_asm.X/fm_1827.asm
                   CLRKEY   0x000036    program     static /home/kazusa/MPLABXProjects/fm_asm.X/fm_1827.asm
                  SYN_JOB   0x000038    program     static /home/kazusa/MPLABXProjects/fm_asm.X/fm_1827.asm
                       FM   0x00003f    program     static /home/kazusa/MPLABXProjects/fm_asm.X/fm_1827.asm
                  INIT_FM   0x000048    program     static /home/kazusa/MPLABXProjects/fm_asm.X/fm_1827.asm
                  P0_STEP   0x000057    program     static /home/kazusa/MPLABXProjects/fm_asm.X/fm_1827.asm
                     ADD0   0x00005d    program     static /home/kazusa/MPLABXProjects/fm_asm.X/fm_1827.asm
                     SUB0   0x000062    program     static /home/kazusa/MPLABXProjects/fm_asm.X/fm_1827.asm
                  P1_STEP   0x000067    program     static /home/kazusa/MPLABXProjects/fm_asm.X/fm_1827.asm
                     ADD1   0x00006d    program     static /home/kazusa/MPLABXProjects/fm_asm.X/fm_1827.asm
                     SUB1   0x000072    program     static /home/kazusa/MPLABXProjects/fm_asm.X/fm_1827.asm
                  OPX_WAV   0x000077    program     static /home/kazusa/MPLABXProjects/fm_asm.X/fm_1827.asm
                  ROM2SIN   0x000086    program     static /home/kazusa/MPLABXProjects/fm_asm.X/fm_1827.asm
                  STEPENV   0x00008f    program     static /home/kazusa/MPLABXProjects/fm_asm.X/fm_1827.asm
                  APLYENV   0x00009d    program     static /home/kazusa/MPLABXProjects/fm_asm.X/fm_1827.asm
                  LOOPENV   0x0000a0    program     static /home/kazusa/MPLABXProjects/fm_asm.X/fm_1827.asm
                  APLYMD0   0x0000a4    program     static /home/kazusa/MPLABXProjects/fm_asm.X/fm_1827.asm
                  APLYMD1   0x0000ac    program     static /home/kazusa/MPLABXProjects/fm_asm.X/fm_1827.asm
                  DECRESE   0x0000b3    program     static /home/kazusa/MPLABXProjects/fm_asm.X/fm_1827.asm
                   MODLOG   0x0000b8    program     static /home/kazusa/MPLABXProjects/fm_asm.X/fm_1827.asm
                   ROTCNT   0x0000bb    program     static /home/kazusa/MPLABXProjects/fm_asm.X/fm_1827.asm
                  CASTWAV   0x0000c0    program     static /home/kazusa/MPLABXProjects/fm_asm.X/fm_1827.asm
                   CAST_H   0x0000c3    program     static /home/kazusa/MPLABXProjects/fm_asm.X/fm_1827.asm
                   CAST_L   0x0000c5    program     static /home/kazusa/MPLABXProjects/fm_asm.X/fm_1827.asm
                    SYNCS   0x0000c8    program     static /home/kazusa/MPLABXProjects/fm_asm.X/fm_1827.asm
                  OUT_R2R   0x0000cd    program     static /home/kazusa/MPLABXProjects/fm_asm.X/fm_1827.asm


